── 1. Snapshot des tracés revus : 45 découpes ──
── 2. Run RÉSIDUEL : TRUNCATE + build_divisions (5 parallèle) ──
  [R] division-or Saint-Louis : 0 candidats
  [R] division_or_candidates : 0 candidats (MASQUÉ — attend le dossier de revue Vic)
  [R] division-or Saint-Denis : 0 candidats
  [R] division_or_candidates : 0 candidats (MASQUÉ — attend le dossier de revue Vic)
  [R] division-or Saint-Paul : 3 candidats
  [R] division_or_candidates : 3 candidats (MASQUÉ — attend le dossier de revue Vic)
  [R] division-or Saint-Pierre : 2 candidats
  [R] division_or_candidates : 5 candidats (MASQUÉ — attend le dossier de revue Vic)
  [R] division-or Saint-André : 0 candidats
  [R] division_or_candidates : 5 candidats (MASQUÉ — attend le dossier de revue Vic)
  [R] division-or Saint-Leu : 3 candidats
  [R] division_or_candidates : 8 candidats (MASQUÉ — attend le dossier de revue Vic)
  [R] division-or Saint-Joseph : 1 candidats
  [R] division_or_candidates : 9 candidats (MASQUÉ — attend le dossier de revue Vic)
  [R] division-or Le Tampon : 0 candidats
  [R] division_or_candidates : 9 candidats (MASQUÉ — attend le dossier de revue Vic)
  [R] division-or Petite-Île : 0 candidats
  [R] division_or_candidates : 9 candidats (MASQUÉ — attend le dossier de revue Vic)
  [R] division-or Le Port : 0 candidats
  [R] division_or_candidates : 9 candidats (MASQUÉ — attend le dossier de revue Vic)
  [R] division-or Sainte-Suzanne : 1 candidats
  [R] division_or_candidates : 10 candidats (MASQUÉ — attend le dossier de revue Vic)
  [R] division-or La Possession : 0 candidats
  [R] division_or_candidates : 10 candidats (MASQUÉ — attend le dossier de revue Vic)
  [R] division-or L'Étang-Salé : 1 candidats
  [R] division_or_candidates : 11 candidats (MASQUÉ — attend le dossier de revue Vic)
  [R] division-or Sainte-Marie : 3 candidats
  [R] division_or_candidates : 14 candidats (MASQUÉ — attend le dossier de revue Vic)
  [R] division-or Saint-Benoît : 0 candidats
  [R] division_or_candidates : 14 candidats (MASQUÉ — attend le dossier de revue Vic)
  [R] division-or Entre-Deux : 0 candidats
  [R] division_or_candidates : 14 candidats (MASQUÉ — attend le dossier de revue Vic)
  [R] division-or Sainte-Rose : 0 candidats
  [R] division_or_candidates : 14 candidats (MASQUÉ — attend le dossier de revue Vic)
  [R] division-or Les Avirons : 0 candidats
  [R] division_or_candidates : 14 candidats (MASQUÉ — attend le dossier de revue Vic)
  [R] division-or Cilaos : 0 candidats
  [R] division_or_candidates : 14 candidats (MASQUÉ — attend le dossier de revue Vic)
  [R] division-or Saint-Philippe : 0 candidats
  [R] division_or_candidates : 14 candidats (MASQUÉ — attend le dossier de revue Vic)
  [R] division-or Bras-Panon : 0 candidats
  [R] division_or_candidates : 14 candidats (MASQUÉ — attend le dossier de revue Vic)
  [R] division-or Les Trois-Bassins : 0 candidats
  [R] division_or_candidates : 14 candidats (MASQUÉ — attend le dossier de revue Vic)
  [R] division-or Salazie : 0 candidats
  [R] division_or_candidates : 14 candidats (MASQUÉ — attend le dossier de revue Vic)
  [R] division-or La Plaine-des-Palmistes : 0 candidats
  [R] division_or_candidates : 14 candidats (MASQUÉ — attend le dossier de revue Vic)
── 3. Run DÉCOUPE : build_divisions_partiel (5 parallèle) ──
  [D] division-or-partiel Saint-Louis : 1 lots à découper
  [D] division_or_candidates (decoupe) : 1 lots à découper (MASQUÉ)
  [D] division-or-partiel Saint-Pierre : 2 lots à découper
  [D] division_or_candidates (decoupe) : 3 lots à découper (MASQUÉ)
  [D] division-or-partiel Saint-Paul : 5 lots à découper
  [D] division_or_candidates (decoupe) : 8 lots à découper (MASQUÉ)
  [D] division-or-partiel Saint-Denis : 3 lots à découper
  [D] division_or_candidates (decoupe) : 11 lots à découper (MASQUÉ)
  [D] division-or-partiel Saint-André : 1 lots à découper
  [D] division_or_candidates (decoupe) : 12 lots à découper (MASQUÉ)
  [D] division-or-partiel Saint-Leu : 2 lots à découper
  [D] division_or_candidates (decoupe) : 14 lots à découper (MASQUÉ)
  [D] division-or-partiel Saint-Joseph : 5 lots à découper
  [D] division_or_candidates (decoupe) : 19 lots à découper (MASQUÉ)
  [D] division-or-partiel Le Tampon : 3 lots à découper
  [D] division_or_candidates (decoupe) : 22 lots à découper (MASQUÉ)
  [D] division-or-partiel Petite-Île : 0 lots à découper
  [D] division_or_candidates (decoupe) : 22 lots à découper (MASQUÉ)
  [D] division-or-partiel Sainte-Suzanne : 0 lots à découper
  [D] division_or_candidates (decoupe) : 22 lots à découper (MASQUÉ)
  [D] division-or-partiel La Possession : 0 lots à découper
  [D] division_or_candidates (decoupe) : 22 lots à découper (MASQUÉ)
  [D] division-or-partiel Sainte-Marie : 2 lots à découper
  [D] division_or_candidates (decoupe) : 24 lots à découper (MASQUÉ)
  [D] division-or-partiel Saint-Benoît : 3 lots à découper
  [D] division_or_candidates (decoupe) : 27 lots à découper (MASQUÉ)
  [D] division-or-partiel Le Port : 0 lots à découper
  [D] division_or_candidates (decoupe) : 27 lots à découper (MASQUÉ)
  [D] division-or-partiel Cilaos : 1 lots à découper
  [D] division_or_candidates (decoupe) : 28 lots à découper (MASQUÉ)
  [D] division-or-partiel Entre-Deux : 1 lots à découper
  [D] division_or_candidates (decoupe) : 29 lots à découper (MASQUÉ)
  [D] division-or-partiel L'Étang-Salé : 0 lots à découper
  [D] division_or_candidates (decoupe) : 29 lots à découper (MASQUÉ)
  [D] division-or-partiel Sainte-Rose : 0 lots à découper
  [D] division_or_candidates (decoupe) : 29 lots à découper (MASQUÉ)
  [D] division-or-partiel Bras-Panon : 0 lots à découper
  [D] division_or_candidates (decoupe) : 29 lots à découper (MASQUÉ)
  [D] division-or-partiel Saint-Philippe : 0 lots à découper
  [D] division_or_candidates (decoupe) : 29 lots à découper (MASQUÉ)
  [D] division-or-partiel Les Avirons : 0 lots à découper
  [D] division_or_candidates (decoupe) : 29 lots à découper (MASQUÉ)
  [D] division-or-partiel Salazie : 0 lots à découper
  [D] division_or_candidates (decoupe) : 29 lots à découper (MASQUÉ)
  [D] division-or-partiel Les Trois-Bassins : 1 lots à découper
  [D] division_or_candidates (decoupe) : 30 lots à découper (MASQUÉ)
  [D] division-or-partiel La Plaine-des-Palmistes : 0 lots à découper
  [D] division_or_candidates (decoupe) : 30 lots à découper (MASQUÉ)

## Familles finales : decoupe=30 · demolition=1 · libre=13

| Commune | Découpe | Résiduel |
|---|---:|---:|
| Cilaos | 1 | 0 |
| Entre-Deux | 1 | 0 |
| L'Étang-Salé | 0 | 1 |
| Le Tampon | 3 | 0 |
| Les Trois-Bassins | 1 | 0 |
| Saint-André | 1 | 0 |
| Saint-Benoît | 3 | 0 |
| Saint-Denis | 3 | 0 |
| Saint-Joseph | 5 | 1 |
| Saint-Leu | 2 | 3 |
| Saint-Louis | 1 | 0 |
| Saint-Paul | 5 | 3 |
| Saint-Pierre | 2 | 2 |
| Sainte-Marie | 2 | 3 |
| Sainte-Suzanne | 0 | 1 |
| **Total** | **30** | **14** |
decoupe.residuel_m2 : min=606 · médiane=629.000 · max=703
decoupe.solidite : min=0.858 · médiane=0.978 · max=1.000
decoupe.compacite : min=0.571 · médiane=0.739 · max=0.793
decoupe.residuel_facade_m : min=15.7 · médiane=27.300 · max=51.0
statut de tracé (vs revue précédente) : inchange=29 · modifie=1 · residuel=14
