── TRUNCATE + build_divisions (5 communes en parallèle) ──
  division-or Saint-Paul : 3 candidats
  division_or_candidates : 3 candidats (MASQUÉ — attend le dossier de revue Vic)
  division-or Saint-Denis : 1 candidats
  division_or_candidates : 4 candidats (MASQUÉ — attend le dossier de revue Vic)
  division-or Saint-Louis : 0 candidats
  division_or_candidates : 4 candidats (MASQUÉ — attend le dossier de revue Vic)
  division-or Saint-Pierre : 2 candidats
  division_or_candidates : 6 candidats (MASQUÉ — attend le dossier de revue Vic)
  division-or Le Tampon : 0 candidats
  division_or_candidates : 6 candidats (MASQUÉ — attend le dossier de revue Vic)
  division-or Saint-Joseph : 1 candidats
  division_or_candidates : 7 candidats (MASQUÉ — attend le dossier de revue Vic)
  division-or Saint-Leu : 3 candidats
  division_or_candidates : 10 candidats (MASQUÉ — attend le dossier de revue Vic)
  division-or Saint-André : 0 candidats
  division_or_candidates : 10 candidats (MASQUÉ — attend le dossier de revue Vic)
  division-or Saint-Benoît : 0 candidats
  division_or_candidates : 10 candidats (MASQUÉ — attend le dossier de revue Vic)
  division-or Sainte-Marie : 4 candidats
  division_or_candidates : 14 candidats (MASQUÉ — attend le dossier de revue Vic)
  division-or La Possession : 0 candidats
  division_or_candidates : 14 candidats (MASQUÉ — attend le dossier de revue Vic)
  division-or Petite-Île : 0 candidats
  division_or_candidates : 14 candidats (MASQUÉ — attend le dossier de revue Vic)
  division-or Sainte-Suzanne : 1 candidats
  division_or_candidates : 15 candidats (MASQUÉ — attend le dossier de revue Vic)
  division-or Le Port : 0 candidats
  division_or_candidates : 15 candidats (MASQUÉ — attend le dossier de revue Vic)
  division-or L'Étang-Salé : 1 candidats
  division_or_candidates : 16 candidats (MASQUÉ — attend le dossier de revue Vic)
  division-or Les Avirons : 0 candidats
  division_or_candidates : 16 candidats (MASQUÉ — attend le dossier de revue Vic)
  division-or Salazie : 0 candidats
  division_or_candidates : 16 candidats (MASQUÉ — attend le dossier de revue Vic)
  division-or Cilaos : 0 candidats
  division_or_candidates : 16 candidats (MASQUÉ — attend le dossier de revue Vic)
  division-or La Plaine-des-Palmistes : 1 candidats
  division_or_candidates : 17 candidats (MASQUÉ — attend le dossier de revue Vic)
  division-or Entre-Deux : 0 candidats
  division_or_candidates : 17 candidats (MASQUÉ — attend le dossier de revue Vic)
  division-or Sainte-Rose : 0 candidats
  division_or_candidates : 17 candidats (MASQUÉ — attend le dossier de revue Vic)
  division-or Bras-Panon : 0 candidats
  division_or_candidates : 17 candidats (MASQUÉ — attend le dossier de revue Vic)
  division-or Les Trois-Bassins : 0 candidats
  division_or_candidates : 17 candidats (MASQUÉ — attend le dossier de revue Vic)
  division-or Saint-Philippe : 0 candidats
  division_or_candidates : 17 candidats (MASQUÉ — attend le dossier de revue Vic)

| Commune | Libre | Démolition | Total |
|---|---:|---:|---:|
| L'Étang-Salé | 1 | 0 | 1 |
| La Plaine-des-Palmistes | 1 | 0 | 1 |
| Saint-Denis | 1 | 0 | 1 |
| Saint-Joseph | 1 | 0 | 1 |
| Saint-Leu | 3 | 0 | 3 |
| Saint-Paul | 2 | 1 | 3 |
| Saint-Pierre | 2 | 0 | 2 |
| Sainte-Marie | 4 | 0 | 4 |
| Sainte-Suzanne | 1 | 0 | 1 |
| **Total** | **16** | **1** | **17** |
residuel_m2 : min=509 · P25=535.000 · médiane=590.000 · P75=717.000 · max=898
compacite : min=0.280 · P25=0.402 · médiane=0.505 · P75=0.589 · max=0.725
