── TRUNCATE + build_divisions (5 communes en parallèle) ──
  division-or Saint-Louis : 0 candidats
  division_or_candidates : 0 candidats (MASQUÉ — attend le dossier de revue Vic)
  division-or Saint-Denis : 0 candidats
  division_or_candidates : 0 candidats (MASQUÉ — attend le dossier de revue Vic)
  division-or Saint-Paul : 3 candidats
  division_or_candidates : 3 candidats (MASQUÉ — attend le dossier de revue Vic)
  division-or Saint-Pierre : 2 candidats
  division_or_candidates : 5 candidats (MASQUÉ — attend le dossier de revue Vic)
  division-or Saint-André : 0 candidats
  division_or_candidates : 5 candidats (MASQUÉ — attend le dossier de revue Vic)
  division-or Saint-Leu : 3 candidats
  division_or_candidates : 8 candidats (MASQUÉ — attend le dossier de revue Vic)
  division-or Saint-Joseph : 1 candidats
  division_or_candidates : 9 candidats (MASQUÉ — attend le dossier de revue Vic)
  division-or Le Tampon : 0 candidats
  division_or_candidates : 9 candidats (MASQUÉ — attend le dossier de revue Vic)
  division-or Saint-Benoît : 0 candidats
  division_or_candidates : 9 candidats (MASQUÉ — attend le dossier de revue Vic)
  division-or Petite-Île : 0 candidats
  division_or_candidates : 9 candidats (MASQUÉ — attend le dossier de revue Vic)
  division-or Sainte-Marie : 3 candidats
  division_or_candidates : 12 candidats (MASQUÉ — attend le dossier de revue Vic)
  division-or Le Port : 0 candidats
  division_or_candidates : 12 candidats (MASQUÉ — attend le dossier de revue Vic)
  division-or L'Étang-Salé : 1 candidats
  division_or_candidates : 13 candidats (MASQUÉ — attend le dossier de revue Vic)
  division-or Les Avirons : 0 candidats
  division_or_candidates : 13 candidats (MASQUÉ — attend le dossier de revue Vic)
  division-or Cilaos : 0 candidats
  division_or_candidates : 13 candidats (MASQUÉ — attend le dossier de revue Vic)
  division-or Salazie : 0 candidats
  division_or_candidates : 13 candidats (MASQUÉ — attend le dossier de revue Vic)
  division-or Entre-Deux : 0 candidats
  division_or_candidates : 13 candidats (MASQUÉ — attend le dossier de revue Vic)
  division-or Sainte-Rose : 0 candidats
  division_or_candidates : 13 candidats (MASQUÉ — attend le dossier de revue Vic)
  division-or Sainte-Suzanne : 1 candidats
  division_or_candidates : 14 candidats (MASQUÉ — attend le dossier de revue Vic)
  division-or Saint-Philippe : 0 candidats
  division_or_candidates : 14 candidats (MASQUÉ — attend le dossier de revue Vic)
  division-or Bras-Panon : 0 candidats
  division_or_candidates : 14 candidats (MASQUÉ — attend le dossier de revue Vic)
  division-or Les Trois-Bassins : 0 candidats
  division_or_candidates : 14 candidats (MASQUÉ — attend le dossier de revue Vic)
  division-or La Possession : 0 candidats
  division_or_candidates : 14 candidats (MASQUÉ — attend le dossier de revue Vic)
  division-or La Plaine-des-Palmistes : 0 candidats
  division_or_candidates : 14 candidats (MASQUÉ — attend le dossier de revue Vic)

| Commune | Libre | Démolition | Total |
|---|---:|---:|---:|
| L'Étang-Salé | 1 | 0 | 1 |
| Saint-Joseph | 1 | 0 | 1 |
| Saint-Leu | 3 | 0 | 3 |
| Saint-Paul | 2 | 1 | 3 |
| Saint-Pierre | 2 | 0 | 2 |
| Sainte-Marie | 3 | 0 | 3 |
| Sainte-Suzanne | 1 | 0 | 1 |
| **Total** | **13** | **1** | **14** |
residuel_m2 : min=509 · P25=525.250 · médiane=584.500 · P75=619.750 · max=883
compacite : min=0.280 · P25=0.405 · médiane=0.495 · P75=0.577 · max=0.717
