── DELETE decoupe + build_divisions_partiel (5 communes en parallèle) ──
  division-or-partiel Saint-Louis : 1 lots à découper
  division_or_candidates (decoupe) : 1 lots à découper (MASQUÉ)
  division-or-partiel Saint-Pierre : 6 lots à découper
  division_or_candidates (decoupe) : 7 lots à découper (MASQUÉ)
  division-or-partiel Saint-Denis : 4 lots à découper
  division_or_candidates (decoupe) : 11 lots à découper (MASQUÉ)
  division-or-partiel Saint-Paul : 7 lots à découper
  division_or_candidates (decoupe) : 18 lots à découper (MASQUÉ)
  division-or-partiel Saint-Leu : 2 lots à découper
  division_or_candidates (decoupe) : 20 lots à découper (MASQUÉ)
  division-or-partiel Saint-André : 2 lots à découper
  division_or_candidates (decoupe) : 22 lots à découper (MASQUÉ)
  division-or-partiel Le Tampon : 7 lots à découper
  division_or_candidates (decoupe) : 29 lots à découper (MASQUÉ)
  division-or-partiel Saint-Joseph : 5 lots à découper
  division_or_candidates (decoupe) : 34 lots à découper (MASQUÉ)
  division-or-partiel Saint-Benoît : 4 lots à découper
  division_or_candidates (decoupe) : 38 lots à découper (MASQUÉ)
  division-or-partiel Petite-Île : 0 lots à découper
  division_or_candidates (decoupe) : 38 lots à découper (MASQUÉ)
  division-or-partiel Sainte-Marie : 2 lots à découper
  division_or_candidates (decoupe) : 40 lots à découper (MASQUÉ)
  division-or-partiel Le Port : 0 lots à découper
  division_or_candidates (decoupe) : 40 lots à découper (MASQUÉ)
  division-or-partiel L'Étang-Salé : 0 lots à découper
  division_or_candidates (decoupe) : 40 lots à découper (MASQUÉ)
  division-or-partiel Les Avirons : 0 lots à découper
  division_or_candidates (decoupe) : 40 lots à découper (MASQUÉ)
  division-or-partiel Cilaos : 2 lots à découper
  division_or_candidates (decoupe) : 42 lots à découper (MASQUÉ)
  division-or-partiel Salazie : 0 lots à découper
  division_or_candidates (decoupe) : 42 lots à découper (MASQUÉ)
  division-or-partiel Entre-Deux : 1 lots à découper
  division_or_candidates (decoupe) : 43 lots à découper (MASQUÉ)
  division-or-partiel Sainte-Rose : 0 lots à découper
  division_or_candidates (decoupe) : 43 lots à découper (MASQUÉ)
  division-or-partiel Sainte-Suzanne : 0 lots à découper
  division_or_candidates (decoupe) : 43 lots à découper (MASQUÉ)
  division-or-partiel Bras-Panon : 0 lots à découper
  division_or_candidates (decoupe) : 43 lots à découper (MASQUÉ)
  division-or-partiel La Possession : 1 lots à découper
  division_or_candidates (decoupe) : 44 lots à découper (MASQUÉ)
  division-or-partiel La Plaine-des-Palmistes : 0 lots à découper
  division_or_candidates (decoupe) : 44 lots à découper (MASQUÉ)
  division-or-partiel Saint-Philippe : 0 lots à découper
  division_or_candidates (decoupe) : 44 lots à découper (MASQUÉ)
  division-or-partiel Les Trois-Bassins : 1 lots à découper
  division_or_candidates (decoupe) : 45 lots à découper (MASQUÉ)

| Commune | Lots à découper |
|---|---:|
| Cilaos | 2 |
| Entre-Deux | 1 |
| La Possession | 1 |
| Le Tampon | 7 |
| Les Trois-Bassins | 1 |
| Saint-André | 2 |
| Saint-Benoît | 4 |
| Saint-Denis | 4 |
| Saint-Joseph | 5 |
| Saint-Leu | 2 |
| Saint-Louis | 1 |
| Saint-Paul | 7 |
| Saint-Pierre | 6 |
| Sainte-Marie | 2 |
| **Total** | **45** |
residuel_m2 : min=606 · P25=625.000 · médiane=632.000 · P75=650.000 · max=781
compacite : min=0.312 · P25=0.574 · médiane=0.706 · P75=0.785 · max=0.793
residuel_facade_m : min=15.7 · P25=26.400 · médiane=27.600 · P75=29.300 · max=51.0
emprise_restante : min=0.098 · P25=0.150 · médiane=0.209 · P75=0.279 · max=0.556
Familles en table : decoupe=45 · demolition=1 · libre=13
